     1                                 %line 1+1 ../../textbook/ch07/longexpr.asm
     2                                 [section .data]
     3 00000000 0300000000000000        A dq 3
     4 00000008 0500000000000000        B dq 5
     5 00000010 0700000000000000        C dq 7
     6 00000018 0B00000000000000        D dq 11
     7 00000020 0D00000000000000        E dq 13
     8 00000028 1100000000000000        F dq 17
     9 00000030 1300000000000000        G dq 19
    10                                 
    11                                 [section .bss]
    12 00000000 <gap>                   Solution resq 1
    13                                 
    14                                 [section .text]
    15                                 [global _start]
    16                                 
    17                                 _start:
    18                                 
    19                                 
    20                                 
    21                                 
    22                                 
    23                                 
    24                                 
    25 00000000 488B0425[00000000]      mov rax, QWORD [A]
    26 00000008 4899                    cqo
    27 0000000A 48F73C25[00000000]      idiv QWORD [B]
    28 00000012 4989D3                  mov r11, rdx
    29                                 
    30                                 
    31 00000015 488B0425[00000000]      mov rax, QWORD [C]
    32 0000001D 48F7D8                  neg rax
    33 00000020 48F72C25[00000000]      imul QWORD [D]
    34                                 
    35                                 
    36 00000028 48030425[00000000]      add rax, QWORD [E]
    37 00000030 4883D200                adc rdx, 0
    38                                 
    39                                 
    40                                 
    41                                 
    42 00000034 48C7C3F9FFFFFF          mov rbx, -7
    43 0000003B 48F7FB                  idiv rbx
    44 0000003E 48F72C25[00000000]      imul QWORD [F]
    45 00000046 48F73C25[00000000]      idiv QWORD [G]
    46                                 
    47                                 
    48 0000004E 4929C3                  sub r11, rax
    49 00000051 4C891C25[00000000]      mov QWORD [Solution], r11
    50                                 
    51                                 
    52 00000059 48C7C03C000000          mov rax, 60
    53 00000060 48C7C700000000          mov rdi, 0
    54 00000067 0F05                    syscall
