     1                                 %line 1+1 addressing.asm
     2                                 [section .text]
     3                                 [global _start]
     4                                 _start:
     5                                 
     6 00000000 678B00                  mov eax, [eax]
     7 00000003 678B0424                mov eax, [esp]
     8                                 
     9                                 
    10 00000007 6603042507000000        add ax, [7]
    11 0000000F 03042507000000          add eax, [7]
    12 00000016 67034500                add eax, [ebp]
    13 0000001A 67034507                add eax, [ebp+7]
    14                                 
    15                                 
    16                                 
    17                                 
    18                                 
    19 0000001E 488B042507000000        mov rax, [7]
    20 00000026 488B0500000000          mov rax, [rip]
    21 0000002D 488B0507000000          mov rax, [rip+7]
    22                                 
    23                                 
    24                                 
    25                                 
    26                                 
    27                                 
    28                                 
    29                                 
    30                                 
    31                                 
    32                                 
    33                                 
    34                                 
    35                                 
    36                                 
    37                                 
    38                                 
    39                                 
    40                                 
    41                                 
    42                                 
    43                                 
    44                                 
    45                                 
    46                                 
    47                                 
    48                                 
    49                                 
    50                                 
    51                                 
    52                                 
    53                                 
    54                                 
